[asddsa23.itch.io/dont-dive-deep.html]
[img.itch.zone/aW1nLzg0MzM2MzMuanBn/32x32#/jQcVDJ.jpg]
[backblue.gif]
[fade.gif]
[index.html]
[static.itch.io/gamedc17.css]
[static.itch.io/libdc17.js]
[static.itch.io/bundle.mindc17.js]
[static.itch.io/lib/jquery.maskMoney.js]
[www.google-analytics.com/analytics.js]
[img.itch.zone/aW1nLzg0MzM2NTguanBn/original/FKAMjf.jpg]
[static.itch.io/game.mindc17.js]
[cdn.akamai.steamstatic.com/steam/apps/1624020/extras/infoplayer3f1a.png]
[cdn.akamai.steamstatic.com/steam/apps/1624020/extras/infoAve3f1a.png]
[img.itch.zone/aW1hZ2UvMTQ0NDc1Mi84NDMzNjQxLmpwZw==/347x500/agNC63.jpg]
[img.itch.zone/aW1hZ2UvMTQ0NDc1Mi84NDMzNjQ0LmpwZw==/original/2kqrNM.jpg]
[img.itch.zone/aW1hZ2UvMTQ0NDc1Mi84NDMzNjQ0LmpwZw==/347x500/5ZfQo3.jpg]
[img.itch.zone/aW1hZ2UvMTQ0NDc1Mi84NDMzNjQ1LmpwZw==/347x500/NLs9iF.jpg]
[img.itch.zone/aW1hZ2UvMTQ0NDc1Mi84NDMzNjQ3LmpwZw==/original/mCATqg.jpg]
[img.itch.zone/aW1hZ2UvMTQ0NDc1Mi84NDMzNjQ3LmpwZw==/347x500/ZP3Vw5.jpg]
[img.itch.zone/aW1hZ2UvMTQ0NDc1Mi84NDMzNjQ2LmpwZw==/original/CxPoy4.jpg]
[img.itch.zone/aW1hZ2UvMTQ0NDc1Mi84NDMzNjQ2LmpwZw==/347x500/YKPxlt.jpg]
[img.itch.zone/aW1hZ2UvMTQ0NDc1Mi84NDMzNjQ5LmpwZw==/original/pcDYie.jpg]
[img.itch.zone/aW1hZ2UvMTQ0NDc1Mi84NDMzNjQ5LmpwZw==/347x500/2It+3o.jpg]
[img.itch.zone/aW1hZ2UvMTQ0NDc1Mi84NDMzNjUwLmpwZw==/347x500/VVgT86.jpg]
[asddsa23.itch.io/dont-dive-deep.html]
[static.itch.io/fonts/lato-v14-latin-regular.woff2]
[static.itch.io/fonts/lato-v14-latin-regular.woff]
[static.itch.io/fonts/lato-v14-latin-italic.woff2]
[static.itch.io/fonts/lato-v14-latin-italic.woff]
[static.itch.io/fonts/lato-v14-latin-700.woff2]
[static.itch.io/fonts/lato-v14-latin-700.woff]
[static.itch.io/fonts/lato-v14-latin-900.woff2]
[static.itch.io/fonts/lato-v14-latin-900.woff]
[static.itch.io/fonts/Lato-Regular.woff2]
[static.itch.io/fonts/Lato-Regular.woff]
[static.itch.io/fonts/Lato-Italic.woff2]
[static.itch.io/fonts/Lato-Bold.woff2]
[static.itch.io/fonts/Lato-Italic.woff]
[static.itch.io/fonts/Lato-Bold.woff]
[static.itch.io/fonts/Lato-Black.woff2]
[static.itch.io/fonts/Lato-Black.woff]
[static.itch.io/images/loader.gif]
[static.itch.io/images/loader-dark.gif]
[static.itch.io/images/loader-huge.gif]
[static.itch.io/images/cc-loader.gif]
[static.itch.io/images/youtube_icon.svg]
[static.itch.io/images/twitch_logo.svg]
[static.itch.io/images/loading.svg]
[static.itch.io/images/popup-tick-right.png]
[static.itch.io/images/popup-tick-left.png]
[static.itch.io/fonts/04b03.eot]
[static.itch.io/fonts/04b03d41d.eot]
[static.itch.io/fonts/04b03.woff2]
[static.itch.io/fonts/04b03.woff]
[static.itch.io/fonts/04b03.ttf]
[static.itch.io/lib/farbtastic/wheel.png]
[static.itch.io/lib/farbtastic/mask.png]
[static.itch.io/lib/farbtastic/marker.png]
[static.itch.io/images/logo-white-new.svg]
[static.itch.io/images/snowrepeat.svg]
[static.itch.io/images/logo-black-new.svg]
[static.itch.io/images/logo-white-new-halloweenc81e.svg]
[static.itch.io/images/itchio-textless-black.svg]
[static.itch.io/images/itchio-textless-white.svg]
[static.itch.io/images/logo-textless-white-holiday.svg]
[static.itch.io/images/itchio-textless-white-halloweenc81e.svg]
[static.itch.io/icons/fonts/icomoon053c.eot]
[static.itch.io/icons/fonts/icomoon053c.ttf]
[static.itch.io/icons/fonts/icomoon053c.woff]
[static.itch.io/gamedc17.css]
[static.itch.io/libdc17.js]
[static.itch.io/icons/fonts/icomoon053c.svg]
[www.google.com/recaptcha/apie757.js]
[connect.facebook.net/en_GB/sdk.js]
[platform.twitter.com/widgets.js]
[asddsa23.itch.io/ca.4b.delayed]
[asddsa23.itch.io/POST]
[static.itch.io/bundle.mindc17.js]
[static.itch.io/lib/jquery.maskMoney.js]
[pagead2.googlesyndication.com/pagead/js/f.txt]
[static.itch.io/game.mindc17.js]
[asddsa23.itch.io/index.html]
[img.itch.zone/aW1hZ2UvMTQ0NDc1Mi84NDMzNjQ1LmpwZw==/original/d+L8H7.html]
[img.itch.zone/aW1hZ2UvMTQ0NDc1Mi84NDMzNjUwLmpwZw==/original/sk+DxY.html]
[img.itch.zone/aW1nLzg0MzM2NjIuanBn/original/rOjFMi.jpg]
[img.itch.zone/aW1hZ2UvMTQ0NDc1Mi84NDMzNjQxLmpwZw==/original/vGqF7O.jpg]
[static.itch.io/images/youtube_icon.svg]
[static.itch.io/images/twitch_logo.svg]
[static.itch.io/images/loading.svg]
[static.itch.io/images/logo-white-new.svg]
[static.itch.io/home/leafo/snowrepeat.png]
[static.itch.io/images/snowrepeat.svg]
[static.itch.io/images/logo-black-new.svg]
[static.itch.io/images/logo-white-new-halloweenc81e.svg]
[static.itch.io/images/itchio-textless-black.svg]
[static.itch.io/images/itchio-textless-white.svg]
[static.itch.io/images/logo-textless-white-holiday.svg]
[static.itch.io/images/itchio-textless-white-halloweenc81e.svg]
[static.itch.io/icons/fonts/icomoon053c.svg]
[connect.facebook.net/en_GB/sdk.js]
[asddsa23.itch.io/ca.html]
[asddsa23.itch.io/POST.html]
[static.itch.io/home/leafo/snowrepeat.html]
